2024-12-09 16:29:22,782 - INFO - 
Available Models:
2024-12-09 16:29:22,782 - INFO - - bagging: A bagging model
2024-12-09 16:29:22,782 - INFO - 
Starting experiments...
2024-12-09 16:29:22,782 - INFO - 
Starting experiment with bagging
2024-12-09 17:24:31,696 - ERROR - Error in bagging experiment: Error creating SHAP explainer: Model type not yet supported by TreeExplainer: <class 'sklearn.ensemble._bagging.BaggingClassifier'>
Traceback (most recent call last):
  File "/nfs/home/jimjak/Master-Thesis/src/evaluation/model_evaluator.py", line 233, in _create_explainer
    return shap.TreeExplainer(classifier)
  File "/nfs/home/jimjak/.local/lib/python3.9/site-packages/shap/explainers/_tree.py", line 195, in __init__
    self.model = TreeEnsemble(model, self.data, self.data_missing, model_output)
  File "/nfs/home/jimjak/.local/lib/python3.9/site-packages/shap/explainers/_tree.py", line 1217, in __init__
    raise InvalidModelError("Model type not yet supported by TreeExplainer: " + str(type(model)))
shap.utils._exceptions.InvalidModelError: Model type not yet supported by TreeExplainer: <class 'sklearn.ensemble._bagging.BaggingClassifier'>

During handling of the above exception, another exception occurred:

Traceback (most recent call last):
  File "/nfs/home/jimjak/Master-Thesis/src/models/experiment_suite.py", line 52, in run_experiments
    experiment.run()
  File "/nfs/home/jimjak/Master-Thesis/src/experiment/experiment.py", line 142, in run
    aggregated_shap, feature_importance_dataframe, feature_importance_abs_mean = self.evaluator.calculate_feature_importance(
  File "/nfs/home/jimjak/Master-Thesis/src/evaluation/model_evaluator.py", line 123, in calculate_feature_importance
    self.explainer = self._create_explainer(best_model, X_test_transformed)
  File "/nfs/home/jimjak/Master-Thesis/src/evaluation/model_evaluator.py", line 244, in _create_explainer
    raise Exception(f"Error creating SHAP explainer: {str(e)}")
Exception: Error creating SHAP explainer: Model type not yet supported by TreeExplainer: <class 'sklearn.ensemble._bagging.BaggingClassifier'>
2024-12-09 17:24:31,755 - INFO - All experiments completed successfully
2024-12-09 17:24:31,755 - INFO - 
Results and log file saved in: outputs/20241209_162922
